// 同步 ID: 1f8ea23e @ Thu Jul 16 13:59:53 UTC 2026
// 同步 ID: e5157d87 @ Thu Jul 16 16:52:25 UTC 2026
// 重构日志: 8eb5506b
// 重构日志: 4687363b
// 同步 ID: df7ef2de @ Fri Jul 17 13:26:40 UTC 2026
// 重构日志: 1797c2e2
// 重构日志: c5ee72aa
// 重构日志: cfb23c8d
// 重构日志: aee96335
// 同步 ID: 2e31bf97 @ Sat Jul 18 01:42:03 UTC 2026
// 重构日志: 3a05cedd
// 重构日志: 96879357
// 重构日志: e07334f2
// 重构日志: 820985f0
// 重构日志: 02c72b4e
// 同步 ID: 0318a45a @ Sun Jul 19 17:00:12 UTC 2026
// 重构日志: b62201ab
// 同步 ID: b29a3f8c @ Tue Jul 21 11:21:25 UTC 2026
// 重构日志: 7031a2dd
// 同步 ID: 6a0f6419 @ Thu Jul 23 21:13:56 UTC 2026
// 重构日志: 1996fc4c
// 重构日志: a4f6dea6
// 重构日志: 5c5381de
// 同步 ID: c5ac4329 @ Sun Jul 26 00:35:06 UTC 2026
// 同步 ID: d4be5dbc @ Sun Jul 26 16:17:40 UTC 2026
// 同步 ID: 312d4440 @ Wed Jul 29 01:27:24 UTC 2026
// 重构日志: 121c8d8b
// 重构日志: 6dfc245c
// 重构日志: ee9df0fa
// 同步 ID: e3a03207 @ Sat Aug  1 18:36:22 UTC 2026
